../Core/Src/main.c:117:1:__io_putchar	16	static
../Core/Src/main.c:122:1:__io_getchar	16	static
../Core/Src/main.c:140:5:main	536	static
../Core/Src/main.c:320:6:SystemClock_Config	88	static
../Core/Src/main.c:364:6:updateStateLights	8	static
../Core/Src/main.c:386:10:getNextTransmissionChar	24	static
../Core/Src/main.c:409:9:charToBinary	16	static
../Core/Src/main.c:420:6:HAL_TIM_IC_CaptureCallback	16	static
../Core/Src/main.c:440:6:HAL_TIM_OC_DelayElapsedCallback	16	static
../Core/Src/main.c:501:6:HAL_TIM_PeriodElapsedCallback	24	static
../Core/Src/main.c:572:6:HAL_GPIO_EXTI_Callback	16	static
../Core/Src/main.c:588:6:Error_Handler	4	static,ignoring_inline_asm
