../Core/Src/main.c:146:1:__io_putchar	16	static
../Core/Src/main.c:151:1:__io_getchar	16	static
../Core/Src/main.c:172:5:main	280	static
../Core/Src/main.c:325:6:SystemClock_Config	88	static
../Core/Src/main.c:371:6:end_reception	4	static
../Core/Src/main.c:390:6:updateStateLights	8	static
../Core/Src/main.c:413:10:getNextTransmissionChar	24	static
../Core/Src/main.c:436:9:charToBinary	16	static
../Core/Src/main.c:447:6:begin_transmission	16	static
../Core/Src/main.c:473:6:console_input	840	static
../Core/Src/main.c:596:6:HAL_TIM_IC_CaptureCallback	24	static
../Core/Src/main.c:711:6:HAL_TIM_OC_DelayElapsedCallback	16	static
../Core/Src/main.c:758:6:HAL_TIM_PeriodElapsedCallback	16	static
../Core/Src/main.c:795:6:HAL_GPIO_EXTI_Callback	16	static
../Core/Src/main.c:809:6:Error_Handler	4	static,ignoring_inline_asm
