../Core/Src/main.c:136:1:__io_putchar	1
../Core/Src/main.c:141:1:__io_getchar	1
../Core/Src/main.c:160:5:main	21
../Core/Src/main.c:354:6:SystemClock_Config	3
../Core/Src/main.c:400:6:end_reception	3
../Core/Src/main.c:416:6:updateStateLights	3
../Core/Src/main.c:439:10:getNextTransmissionChar	9
../Core/Src/main.c:462:9:charToBinary	7
../Core/Src/main.c:473:6:HAL_TIM_IC_CaptureCallback	15
../Core/Src/main.c:557:6:HAL_TIM_OC_DelayElapsedCallback	7
../Core/Src/main.c:590:6:HAL_TIM_PeriodElapsedCallback	7
../Core/Src/main.c:621:6:HAL_GPIO_EXTI_Callback	2
../Core/Src/main.c:635:6:Error_Handler	1
